[gray-tailwind.flatheme.net/index-dark.html]
[backblue.gif]
[fade.gif]
[index.html]
[gray-tailwind.flatheme.net/assets/images/favicon.png]
[gray-tailwind.flatheme.net/assets/plugins/swiper/swiper-bundle.min.css]
[gray-tailwind.flatheme.net/assets/style.css]
[gray-tailwind.flatheme.net/assets/plugins/bootstrap-icons/bootstrap-icons.css]
[gray-tailwind.flatheme.net/index.html]
[gray-tailwind.flatheme.net/assets/images/hero-avatar.jpg]
[gray-tailwind.flatheme.net/assets/images/portfolio-1.jpg]
[gray-tailwind.flatheme.net/portfolio-single-dark.html]
[gray-tailwind.flatheme.net/assets/images/portfolio-2.jpg]
[gray-tailwind.flatheme.net/assets/images/portfolio-3.jpg]
[gray-tailwind.flatheme.net/assets/images/portfolio-4.jpg]
[gray-tailwind.flatheme.net/assets/images/testimonial-1.jpg]
[gray-tailwind.flatheme.net/assets/images/testimonial-2.jpg]
[gray-tailwind.flatheme.net/assets/images/testimonial-3.jpg]
[gray-tailwind.flatheme.net/assets/images/client-1.png]
[gray-tailwind.flatheme.net/assets/images/client-2.png]
[gray-tailwind.flatheme.net/assets/images/client-3.png]
[gray-tailwind.flatheme.net/assets/images/client-4.png]
[gray-tailwind.flatheme.net/assets/images/client-5.png]
[gray-tailwind.flatheme.net/assets/images/client-6.png]
[gray-tailwind.flatheme.net/blog-single-dark.html]
[gray-tailwind.flatheme.net/assets/images/blog-post-1.jpg]
[gray-tailwind.flatheme.net/assets/images/blog-post-2.jpg]
[gray-tailwind.flatheme.net/assets/images/blog-post-3.jpg]
[gray-tailwind.flatheme.net/assets/images/blog-post-4.jpg]
[gray-tailwind.flatheme.net/assets/plugins/jquery.min.js]
[gray-tailwind.flatheme.net/index-dark.html]
[gray-tailwind.flatheme.net/assets/plugins/swiper/swiper-bundle.min.css]
[gray-tailwind.flatheme.net/assets/style.css]
[gray-tailwind.flatheme.net/assets/js/functions.js]
[gray-tailwind.flatheme.net/assets/plugins/plugins.js]
[gray-tailwind.flatheme.net/assets/plugins/bootstrap-icons/fonts/bootstrap-icons0107.woff2]
[gray-tailwind.flatheme.net/assets/plugins/bootstrap-icons/fonts/bootstrap-icons0107.woff]
[gray-tailwind.flatheme.net/assets/plugins/bootstrap-icons/bootstrap-icons.css]
[gray-tailwind.flatheme.net/portfolio-single.html]
[gray-tailwind.flatheme.net/blog-single.html]
[gray-tailwind.flatheme.net/index.html]
[gray-tailwind.flatheme.net/assets/plugins/glightbox/glightbox.min.css]
[gray-tailwind.flatheme.net/assets/images/p-single-1.jpg]
[gray-tailwind.flatheme.net/assets/images/p-single-2.jpg]
[gray-tailwind.flatheme.net/assets/images/p-single-3.jpg]
[gray-tailwind.flatheme.net/portfolio-single-dark.html]
[gray-tailwind.flatheme.net/assets/images/blog-single-1.jpg]
[gray-tailwind.flatheme.net/assets/images/blog-single-2.jpg]
[gray-tailwind.flatheme.net/assets/images/blog-single-3.jpg]
[gray-tailwind.flatheme.net/blog-single-dark.html]
[gray-tailwind.flatheme.net/assets/plugins/jquery.min.js]
[gray-tailwind.flatheme.net/e]
[gray-tailwind.flatheme.net/Version/index.html]
[gray-tailwind.flatheme.net/t.params.url]
[gray-tailwind.flatheme.net/assets/plugins/plugins.js]
[gray-tailwind.flatheme.net/index-2.html]
[gray-tailwind.flatheme.net/assets/php/contact-form.html]
[gray-tailwind.flatheme.net/assets/js/functions.js]
[gray-tailwind.flatheme.net/portfolio-single.html]
[gray-tailwind.flatheme.net/blog-single.html]
[gray-tailwind.flatheme.net/assets/plugins/glightbox/glightbox.min.css]
[gray-tailwind.flatheme.net/Version/index.html]
[gray-tailwind.flatheme.net/e.html]
[gray-tailwind.flatheme.net/index-2.html]
[gray-tailwind.flatheme.net/t.params.html]
[gray-tailwind.flatheme.net/assets/php/contact-form.html]
